
User@DESKTOP-DDR89NO MINGW64 ~/Desktop/Nouveau dossier
$ git init
Initialized empty Git repository in C:/Users/User/Desktop/Nouveau dossier/.git/

User@DESKTOP-DDR89NO MINGW64 ~/Desktop/Nouveau dossier (master)
$ git add .

User@DESKTOP-DDR89NO MINGW64 ~/Desktop/Nouveau dossier (master)
$ git commit -m "commit2"
[master (root-commit) 1961302] commit2
 1 file changed, 0 insertions(+), 0 deletions(-)
 create mode 100644 IMG_20210828_122313.jpg

User@DESKTOP-DDR89NO MINGW64 ~/Desktop/Nouveau dossier (master)
$ git branch -m main

User@DESKTOP-DDR89NO MINGW64 ~/Desktop/Nouveau dossier (main)
$ git remote add origin https://github.com/kamenifrancis/BLICKSON.git

User@DESKTOP-DDR89NO MINGW64 ~/Desktop/Nouveau dossier (main)
$ git push -u origin main
Enumerating objects: 3, done.
Counting objects: 100% (3/3), done.
Delta compression using up to 8 threads
Compressing objects: 100% (3/3), done.
Writing objects: 100% (3/3), 1.60 MiB | 2.57 MiB/s, done.
Total 3 (delta 0), reused 0 (delta 0), pack-reused 0
To https://github.com/kamenifrancis/BLICKSON.git
 * [new branch]      main -> main
branch 'main' set up to track 'origin/main'.

User@DESKTOP-DDR89NO MINGW64 ~/Desktop/Nouveau dossier (main)
$ git add .

User@DESKTOP-DDR89NO MINGW64 ~/Desktop/Nouveau dossier (main)
$ git commit -m 'autre modif'
[main ec27d03] autre modif
 1 file changed, 0 insertions(+), 0 deletions(-)
 create mode 100644 IMG_20210828_122313 - Copie.jpg

User@DESKTOP-DDR89NO MINGW64 ~/Desktop/Nouveau dossier (main)
$ git push -u origin main
Enumerating objects: 3, done.
Counting objects: 100% (3/3), done.
Delta compression using up to 8 threads
Compressing objects: 100% (2/2), done.
Writing objects: 100% (2/2), 259 bytes | 259.00 KiB/s, done.
Total 2 (delta 0), reused 0 (delta 0), pack-reused 0
To https://github.com/kamenifrancis/BLICKSON.git
   1961302..ec27d03  main -> main
branch 'main' set up to track 'origin/main'.

User@DESKTOP-DDR89NO MINGW64 ~/Desktop/Nouveau dossier (main)
$
